<html>
<body>
<pre>
<h1>µVision Build Log</h1>
<h2>Project:</h2>
E:\Marcellino Drive\Embedded systems - AMIT Diploma\Embedded  Systems -Material\Micro controller and interfacing Arm and interfacing\Project\Robot.uvproj
Project File Date:  05/24/2019

<h2>Output:</h2>
Rebuild target 'Target 1'
assembling startup_stm32f10x_ld.s...
compiling main.c...
STM32F103Cx.h(120): warning:  #1295-D: Deprecated declaration USART1_Init - give arg types
  void USART1_Init();
driver.h(8): warning:  #1295-D: Deprecated declaration Robot_Start - give arg types
  void Robot_Start();
driver.h(9): warning:  #1295-D: Deprecated declaration Robot_Forward - give arg types
  void Robot_Forward();
driver.h(10): warning:  #1295-D: Deprecated declaration Robot_Backward - give arg types
  void Robot_Backward();
driver.h(11): warning:  #1295-D: Deprecated declaration Robot_Right - give arg types
  void Robot_Right();
driver.h(12): warning:  #1295-D: Deprecated declaration Robot_Left - give arg types
  void Robot_Left();
main.c: 6 warnings, 0 errors
compiling driver.c...
driver.h(8): warning:  #1295-D: Deprecated declaration Robot_Start - give arg types
  void Robot_Start();
driver.h(9): warning:  #1295-D: Deprecated declaration Robot_Forward - give arg types
  void Robot_Forward();
driver.h(10): warning:  #1295-D: Deprecated declaration Robot_Backward - give arg types
  void Robot_Backward();
driver.h(11): warning:  #1295-D: Deprecated declaration Robot_Right - give arg types
  void Robot_Right();
driver.h(12): warning:  #1295-D: Deprecated declaration Robot_Left - give arg types
  void Robot_Left();
STM32F103Cx.h(120): warning:  #1295-D: Deprecated declaration USART1_Init - give arg types
  void USART1_Init();
driver.c: 6 warnings, 0 errors
compiling STM32F103Cx.c...
STM32F103Cx.h(120): warning:  #1295-D: Deprecated declaration USART1_Init - give arg types
  void USART1_Init();
STM32F103Cx.c: 1 warning, 0 errors
linking...
Program Size: Code=932 RO-data=252 RW-data=0 ZI-data=1632  
FromELF: creating hex file...
".\Robot.axf" - 0 Error(s), 13 Warning(s).
Load "E:\\Marcellino Drive\\Embedded systems - AMIT Diploma\\Embedded  Systems -Material\\Micro controller and interfacing Arm and interfacing\\Project\\Robot.axf" 
Erase Done.
Programming Done.
Verify OK.
</pre>
</body>
</html>
